// Jest Snapshot v1, https://goo.gl/fbAQLP

exports[`ImageCard  should render correctly 1`] = `
<section
  className="card"
>
  <img
    className="card__image"
  />
</section>
`;
